{
    "$$L.U.Map": [
        "map",
        {
            "geometry": {
                "coordinates": [286.1073303222657, 40.73945350425846],
                "type": "Point"
            },
            "properties": {
                "allowEdit": false,
                "anonymous_edit_statuses": [
                    [1, "Everyone can edit"],
                    [
                        3,
                        "Only editable with secret edit link"
                    ]
                ],
                "captionBar": false,
                "datalayers": [
                    {
                        "displayOnLoad": false,
                        "id": 1274430,
                        "name": "Suspended Routes"
                    },
                    {
                        "displayOnLoad": true,
                        "id": 1274431,
                        "name": "Roosevelt Island Operating Corporation"
                    },
                    {
                        "displayOnLoad": true,
                        "id": 1274432,
                        "name": "Huntington Area Rapid Transit"
                    },
                    {
                        "displayOnLoad": true,
                        "id": 1274433,
                        "name": "Ferries"
                    },
                    {
                        "displayOnLoad": true,
                        "id": 1274434,
                        "name": "Putnam Transit"
                    },
                    {
                        "displayOnLoad": true,
                        "id": 1274435,
                        "name": "Suffolk County Transit"
                    },
                    {
                        "displayOnLoad": true,
                        "id": 1274436,
                        "name": "Nassau Inter-County Express"
                    },
                    {
                        "displayOnLoad": true,
                        "id": 1274437,
                        "name": "Bee-Line Bus System"
                    },
                    {
                        "displayOnLoad": true,
                        "id": 1274438,
                        "name": "NJ Transit Bus"
                    },
                    {
                        "displayOnLoad": true,
                        "id": 1274441,
                        "name": "New York City Bus"
                    },
                    {
                        "displayOnLoad": true,
                        "id": 1274439,
                        "name": "New York City Bus"
                    },
                    {
                        "displayOnLoad": true,
                        "id": 1274440,
                        "name": "AirTrain Newark"
                    },
                    {
                        "displayOnLoad": true,
                        "id": 1274442,
                        "name": "AirTrain JFK"
                    },
                    {
                        "displayOnLoad": true,
                        "id": 1274443,
                        "name": "AirTrain JFK"
                    },
                    {
                        "displayOnLoad": true,
                        "id": 1274444,
                        "name": "NJ Transit Rail"
                    },
                    {
                        "displayOnLoad": true,
                        "id": 1274445,
                        "name": "NJ Transit Rail"
                    },
                    {
                        "displayOnLoad": true,
                        "id": 1274446,
                        "name": "Metro-North Railroad"
                    },
                    {
                        "displayOnLoad": true,
                        "id": 1274447,
                        "name": "Metro-North Railroad"
                    },
                    {
                        "displayOnLoad": true,
                        "id": 1274449,
                        "name": "Long Island Rail Road"
                    },
                    {
                        "displayOnLoad": true,
                        "id": 1274448,
                        "name": "Long Island Rail Road"
                    },
                    {
                        "displayOnLoad": true,
                        "id": 1274450,
                        "name": "PATH"
                    },
                    {
                        "displayOnLoad": true,
                        "id": 1274451,
                        "name": "PATH"
                    },
                    {
                        "displayOnLoad": true,
                        "id": 1274452,
                        "name": "Staten Island Railway"
                    },
                    {
                        "displayOnLoad": true,
                        "id": 1274453,
                        "name": "Staten Island Railway"
                    },
                    {
                        "displayOnLoad": true,
                        "id": 1274454,
                        "name": "New York City Subway"
                    },
                    {
                        "displayOnLoad": true,
                        "id": 1274455,
                        "name": "New York City Subway"
                    }
                ],
                "datalayersControl": true,
                "default_iconUrl": "/static/umap/img/marker.png",
                "description": "Normal (pre-COVID-19) weekday midday service",
                "displayPopupFooter": false,
                "easing": true,
                "edit_statuses": [
                    [1, "Everyone can edit"],
                    [2, "Only editors can edit"],
                    [3, "Only owner can edit"]
                ],
                "embedControl": true,
                "fullscreenControl": true,
                "licence": "",
                "licences": {
                    "Aucune licence": {
                        "name": "Aucune licence",
                        "url": ""
                    },
                    "Bản quyền không được đặt": {
                        "name": "Bản quyền không được đặt",
                        "url": ""
                    },
                    "Ingen licens angivet": {
                        "name": "Ingen licens angivet",
                        "url": ""
                    },
                    "Keine Lizenz ausgewählt": {
                        "name": "Keine Lizenz ausgewählt",
                        "url": ""
                    },
                    "Licence nenastavena.": {
                        "name": "Licence nenastavena.",
                        "url": ""
                    },
                    "Licence ouverte/Open Licence": {
                        "name": "Licence ouverte/Open Licence",
                        "url": "http://www.data.gouv.fr/Licence-Ouverte-Open-Licence"
                    },
                    "Määrittämätön lisenssi": {
                        "name": "Määrittämätön lisenssi",
                        "url": ""
                    },
                    "Nenhuma licença definida": {
                        "name": "Nenhuma licença definida",
                        "url": ""
                    },
                    "Nenustatyta licenzija": {
                        "name": "Nenustatyta licenzija",
                        "url": ""
                    },
                    "Nessuna licenza definita": {
                        "name": "Nessuna licenza definita",
                        "url": ""
                    },
                    "Nessuna licenza impostata": {
                        "name": "Nessuna licenza impostata",
                        "url": ""
                    },
                    "Ningún conjunto de licencias": {
                        "name": "Ningún conjunto de licencias",
                        "url": ""
                    },
                    "No licence set": {
                        "name": "No licence set",
                        "url": ""
                    },
                    "No s'ha indicat llicència": {
                        "name": "No s'ha indicat llicència",
                        "url": ""
                    },
                    "No se ha especificado la licencia": {
                        "name": "No se ha especificado la licencia",
                        "url": ""
                    },
                    "ODbl": {
                        "name": "ODbl",
                        "url": "http://opendatacommons.org/licenses/odbl/"
                    },
                    "WTFPL": {
                        "name": "WTFPL",
                        "url": "http://www.wtfpl.net/"
                    },
                    "Лицензия не задана": {
                        "name": "Лицензия не задана",
                        "url": ""
                    },
                    "Ліцензія не задана": {
                        "name": "Ліцензія не задана",
                        "url": ""
                    },
                    "Няма избран лиценз": {
                        "name": "Няма избран лиценз",
                        "url": ""
                    },
                    "ライセンス未設定": {
                        "name": "ライセンス未設定",
                        "url": ""
                    },
                    "未指定授權條款": {
                        "name": "未指定授權條款",
                        "url": ""
                    }
                },
                "limitBounds": {},
                "locale": "en",
                "miniMap": false,
                "moreControl": true,
                "name": "(pre-COVID-19) New York City Public Transport Map",
                "permissions": {
                    "edit_status": 3,
                    "editors": [],
                    "owner": {
                        "id": 40874,
                        "name": "BryantKokBinYee",
                        "url": "/en/user/BryantKokBinYee/"
                    },
                    "share_status": 1
                },
                "scaleControl": true,
                "scrollWheelZoom": true,
                "searchControl": true,
                "share_statuses": [
                    [1, "everyone (public)"],
                    [2, "anyone with link"],
                    [3, "editors only"]
                ],
                "shortUrl": "http://u.osmfr.org/m/455226/",
                "slideshow": {},
                "smoothFactor": "0.5",
                "tilelayer": {
                    "attribution": "Map tiles by [[http://cartodb.com/attributions#basemaps|CartoDB]], under [[https://creativecommons.org/licenses/by/3.0/|CC BY 3.0]]. map data © [[http://osm.org/copyright|OpenStreetMap contributors]] under ODbL ",
                    "maxZoom": 20,
                    "minZoom": 0,
                    "name": "OSM Positron (Carto)",
                    "tms": false,
                    "url_template": "https://cartodb-basemaps-{s}.global.ssl.fastly.net/light_all/{z}/{x}/{y}.png"
                },
                "tilelayers": [
                    {
                        "attribution": "map data © [[http://osm.org/copyright|OpenStreetMap contributors]] under ODbL ",
                        "id": 10,
                        "maxZoom": 20,
                        "minZoom": 0,
                        "name": "OSM-Fr",
                        "rank": 1,
                        "selected": true,
                        "tms": false,
                        "url_template": "//{s}.tile.openstreetmap.fr/osmfr/{z}/{x}/{y}.png"
                    },
                    {
                        "attribution": "map data © [[http://osm.org/copyright|OpenStreetMap contributors]] under ODbL ",
                        "id": 1,
                        "maxZoom": 19,
                        "minZoom": 0,
                        "name": "OpenStreetMap",
                        "rank": 2,
                        "tms": false,
                        "url_template": "//{s}.tile.openstreetmap.org/{z}/{x}/{y}.png"
                    },
                    {
                        "attribution": "map data © [[http://osm.org/copyright|OpenStreetMap contributors]] under ODbL  - Tiles © HOT",
                        "id": 15,
                        "maxZoom": 20,
                        "minZoom": 0,
                        "name": "OSM Humanitarian (OSM-FR)",
                        "rank": 3,
                        "tms": false,
                        "url_template": "//{s}.tile.openstreetmap.fr/hot/{z}/{x}/{y}.png"
                    },
                    {
                        "attribution": "map data © [[http://osm.org/copyright|OpenStreetMap]] contributors",
                        "id": 11,
                        "maxZoom": 18,
                        "minZoom": 1,
                        "name": "OSM-monochrome",
                        "rank": 4,
                        "tms": false,
                        "url_template": "http://{s}.tiles.wmflabs.org/bw-mapnik/{z}/{x}/{y}.png"
                    },
                    {
                        "attribution": "map data © [[http://osm.org/copyright|OpenStreetMap]] - Tiles courtesy of [[https://geodienste.lyrk.de/copyright/|Lyrk]]",
                        "id": 13,
                        "maxZoom": 18,
                        "minZoom": 0,
                        "name": "OSM Lyrk",
                        "rank": 5,
                        "tms": false,
                        "url_template": "https://tiles.lyrk.org/ls/{z}/{x}/{y}?apikey=982c82cc765f42cf950a57de0d891076"
                    },
                    {
                        "attribution": "map data © [[http://osm.org/copyright|OpenStreetMap]] - Tiles courtesy of [[http://openstreetmap.se|OpenStreetMap Sweden]]",
                        "id": 16,
                        "maxZoom": 18,
                        "minZoom": 0,
                        "name": "OSM Hydda",
                        "rank": 6,
                        "tms": false,
                        "url_template": "https://{s}.tile.openstreetmap.se/hydda/full/{z}/{x}/{y}.png"
                    },
                    {
                        "attribution": "Map tiles by [[http://cartodb.com/attributions#basemaps|CartoDB]], under [[https://creativecommons.org/licenses/by/3.0/|CC BY 3.0]]. map data © [[http://osm.org/copyright|OpenStreetMap contributors]] under ODbL ",
                        "id": 20,
                        "maxZoom": 20,
                        "minZoom": 0,
                        "name": "OSM Positron (Carto)",
                        "rank": 10,
                        "tms": false,
                        "url_template": "https://cartodb-basemaps-{s}.global.ssl.fastly.net/light_all/{z}/{x}/{y}.png"
                    },
                    {
                        "attribution": "Map tiles by [[http://cartodb.com/attributions#basemaps|CartoDB]], under [[https://creativecommons.org/licenses/by/3.0/|CC BY 3.0]]. Data by [[http://www.openstreetmap.org/|OpenStreetMap]], under ODbL.",
                        "id": 21,
                        "maxZoom": 20,
                        "minZoom": 0,
                        "name": "OSM Dark Matter (Carto)",
                        "rank": 11,
                        "tms": false,
                        "url_template": "https://cartodb-basemaps-{s}.global.ssl.fastly.net/dark_all/{z}/{x}/{y}.png"
                    },
                    {
                        "attribution": "“OpenCycleMap” - map data © [[http://osm.org/copyright|OpenStreetMap contributors]] under ODbL",
                        "id": 5,
                        "maxZoom": 18,
                        "minZoom": 0,
                        "name": "OSM OpenCycleMap",
                        "rank": 12,
                        "tms": false,
                        "url_template": "https://{s}.tile.thunderforest.com/cycle/{z}/{x}/{y}.png?apikey=e6b144cfc47a48fd928dad578eb026a6"
                    },
                    {
                        "attribution": "map data © [[http://osm.org/copyright|OpenStreetMap contributors]] under ODbL",
                        "id": 38,
                        "maxZoom": 18,
                        "minZoom": 0,
                        "name": "CyclOSM",
                        "rank": 13,
                        "tms": false,
                        "url_template": "//dev.{s}.tile.openstreetmap.fr/cyclosm/{z}/{x}/{y}.png"
                    },
                    {
                        "attribution": "Map data ©  [[http://osm.org/copyright|OpenStreetMap contributors]], tiles [[http://giscience.uni-hd.de/|GIScience Research Group @ Heidelberg University]]",
                        "id": 18,
                        "maxZoom": 19,
                        "minZoom": 0,
                        "name": "OSM Roads (uni-heidelberg)",
                        "rank": 14,
                        "tms": false,
                        "url_template": "https://maps.heigit.org/openmapsurfer/tiles/roads/webmercator/{z}/{x}/{y}.png"
                    },
                    {
                        "attribution": "Tiles HikeBikeMap — Map Data © [[http://www.openstreetmap.org/copyright|OpenStreetMap]] contributors",
                        "id": 9,
                        "maxZoom": 18,
                        "minZoom": 0,
                        "name": "OSM hikebikemap",
                        "rank": 15,
                        "tms": false,
                        "url_template": "https://toolserver.org/tiles/hikebike/{z}/{x}/{y}.png"
                    },
                    {
                        "attribution": "Karte hergestellt aus [[http://osm.org|OpenStreetMap-Daten]] | Lizenz: [[http://opendatacommons.org/licenses/odbl/|Open Database License (ODbL)]] | Courtesy of [[http://openstreetmap.fr|OpenStreetMap.de]]",
                        "id": 19,
                        "maxZoom": 18,
                        "minZoom": 0,
                        "name": "OSM Deutschland (OSM-DE)",
                        "rank": 17,
                        "tms": false,
                        "url_template": "https://{s}.tile.openstreetmap.de/tiles/osmde/{z}/{x}/{y}.png"
                    },
                    {
                        "attribution": "Kartendaten: © [[https://openstreetmap.org/copyright|OpenStreetMap]]-Mitwirkende, [[http://viewfinderpanoramas.org/|SRTM]] | Kartendarstellung: © [[https://opentopomap.org/|OpenTopoMap]] ([[https://creativecommons.org/licenses/by-sa/3.0/|CC-BY-SA]])",
                        "id": 17,
                        "maxZoom": 16,
                        "minZoom": 1,
                        "name": "OSM OpenTopoMap",
                        "rank": 18,
                        "tms": false,
                        "url_template": "https://{s}.tile.opentopomap.org/{z}/{x}/{y}.png"
                    },
                    {
                        "attribution": "map data © [[http://osm.org/copyright|OpenStreetMap contributors]] under ODbL  - tiles OpenRiverboatMap",
                        "id": 4,
                        "maxZoom": 18,
                        "minZoom": 0,
                        "name": "OSM OpenRiverboatMap",
                        "rank": 19,
                        "tms": false,
                        "url_template": "//{s}.tile.openstreetmap.fr/openriverboatmap/{z}/{x}/{y}.png"
                    },
                    {
                        "attribution": "Tiles courtesy of [[https://www.jawg.io/|jawgmaps]] - Map data [[http://osm.org/copyright/|&copy; OpenStreetMap contributors]], under ODbL.",
                        "id": 25,
                        "maxZoom": 18,
                        "minZoom": 0,
                        "name": "OSM Street (jawgmaps)",
                        "rank": 20,
                        "tms": false,
                        "url_template": "https://tile.jawg.io/{z}/{x}/{y}.png?api-key=community"
                    },
                    {
                        "attribution": "Tiles courtesy of [[https://www.jawg.io/|jawgmaps]] - Map data [[http://osm.org/copyright/|&copy; OpenStreetMap contributors]], under ODbL.",
                        "id": 28,
                        "maxZoom": 18,
                        "minZoom": 0,
                        "name": "OSM Sunny (jawgmaps)",
                        "rank": 21,
                        "tms": false,
                        "url_template": "https://tile.jawg.io/sunny/{z}/{x}/{y}.png?api-key=community"
                    },
                    {
                        "attribution": "Tiles courtesy of [[https://www.jawg.io/|jawgmaps]] - Map data [[http://osm.org/copyright/|&copy; OpenStreetMap contributors]], under ODbL.",
                        "id": 26,
                        "maxZoom": 18,
                        "minZoom": 0,
                        "name": "OSM Light (jawgmaps)",
                        "rank": 22,
                        "tms": false,
                        "url_template": "https://tile.jawg.io/light/{z}/{x}/{y}.png?api-key=community"
                    },
                    {
                        "attribution": "Tiles courtesy of [[https://www.jawg.io/|jawgmaps]] - Map data [[http://osm.org/copyright/|&copy; OpenStreetMap contributors]], under ODbL.",
                        "id": 27,
                        "maxZoom": 18,
                        "minZoom": 0,
                        "name": "OSM Dark (jawgmaps)",
                        "rank": 23,
                        "tms": false,
                        "url_template": "https://tile.jawg.io/dark/{z}/{x}/{y}.png?api-key=community"
                    },
                    {
                        "attribution": "Tiles © [[http://www.thunderforest.com/outdoors/|Thunderforest]] / map data © [[http://osm.org/copyright|OpenStreetMap contributors]] under ODbL",
                        "id": 14,
                        "maxZoom": 18,
                        "minZoom": 0,
                        "name": "OSM Outdoors (Thunderforest)",
                        "rank": 30,
                        "tms": false,
                        "url_template": "https://{s}.tile.thunderforest.com/outdoors/{z}/{x}/{y}.png?apikey=e6b144cfc47a48fd928dad578eb026a6"
                    },
                    {
                        "attribution": "Tiles © [[http://www.thunderforest.com/outdoors/|Thunderforest]] / map data © [[http://osm.org/copyright|OpenStreetMap contributors]] under ODbL",
                        "id": 6,
                        "maxZoom": 18,
                        "minZoom": 0,
                        "name": "OSM Landscape (Thunderforest)",
                        "rank": 31,
                        "tms": false,
                        "url_template": "https://{s}.tile.thunderforest.com/landscape/{z}/{x}/{y}.png?apikey=e6b144cfc47a48fd928dad578eb026a6"
                    },
                    {
                        "attribution": "Tiles © [[http://www.thunderforest.com/outdoors/|Thunderforest]] / map data © [[http://osm.org/copyright|OpenStreetMap contributors]] under ODbL",
                        "id": 3,
                        "maxZoom": 18,
                        "minZoom": 0,
                        "name": "OSM Transport (Thunderforest)",
                        "rank": 32,
                        "tms": false,
                        "url_template": "https://{s}.tile.thunderforest.com/transport/{z}/{x}/{y}.png?apikey=e6b144cfc47a48fd928dad578eb026a6"
                    },
                    {
                        "attribution": "Map tiles by [[http://stamen.com|Stamen Design]], under [[http://creativecommons.org/licenses/by/3.0|CC BY 3.0]]. Data by [[http://openstreetmap.org|OpenStreetMap]], under [[http://creativecommons.org/licenses/by-sa/3.0|CC BY SA]].",
                        "id": 8,
                        "maxZoom": 18,
                        "minZoom": 0,
                        "name": "OSM Watercolor (Stamen)",
                        "rank": 40,
                        "tms": false,
                        "url_template": "https://stamen-tiles-{s}.a.ssl.fastly.net/watercolor/{z}/{x}/{y}.jpg"
                    },
                    {
                        "attribution": "Map tiles by [[http://stamen.com|Stamen Design]], under [[http://creativecommons.org/licenses/by/3.0|CC BY 3.0]]. Data by [[http://openstreetmap.org|OpenStreetMap]], under [[http://creativecommons.org/licenses/by-sa/3.0|CC BY SA]].",
                        "id": 2,
                        "maxZoom": 18,
                        "minZoom": 0,
                        "name": "OSM Toner (Stamen)",
                        "rank": 41,
                        "tms": false,
                        "url_template": "http://{s}.tile.stamen.com/toner-lite/{z}/{x}/{y}.png"
                    },
                    {
                        "attribution": "map data © [[http://osm.org/copyright|OpenStreetMap contributors]] under ODbL - tiles © [[https://github.com/tilery/pianoforte|Min. Aff. Étrangères]]",
                        "id": 29,
                        "maxZoom": 20,
                        "minZoom": 0,
                        "name": "OSM Piano FR",
                        "rank": 50,
                        "tms": false,
                        "url_template": "https://{s}.piano.tiles.quaidorsay.fr/fr{r}/{z}/{x}/{y}.png"
                    },
                    {
                        "attribution": "map data © [[http://osm.org/copyright|OpenStreetMap contributors]] under ODbL - tiles © [[https://github.com/tilery/pianoforte|Min. Aff. Étrangères]]",
                        "id": 30,
                        "maxZoom": 20,
                        "minZoom": 0,
                        "name": "OSM Piano EN",
                        "rank": 51,
                        "tms": false,
                        "url_template": "https://{s}.piano.tiles.quaidorsay.fr/en{r}/{z}/{x}/{y}.png"
                    },
                    {
                        "attribution": "map data © [[http://osm.org/copyright|OpenStreetMap contributors]] under ODbL - tiles © [[https://github.com/tilery/pianoforte|Min. Aff. Étrangères]]",
                        "id": 31,
                        "maxZoom": 20,
                        "minZoom": 0,
                        "name": "OSM Piano AR",
                        "rank": 52,
                        "tms": false,
                        "url_template": "https://{s}.piano.tiles.quaidorsay.fr/ar{r}/{z}/{x}/{y}.png"
                    },
                    {
                        "attribution": "map data © [[http://osm.org/copyright|OpenStreetMap contributors]] under ODbL - tiles © [[https://github.com/tilery/pianoforte|Min. Aff. Étrangères]]",
                        "id": 32,
                        "maxZoom": 20,
                        "minZoom": 0,
                        "name": "OSM Forte FR",
                        "rank": 53,
                        "tms": false,
                        "url_template": "https://{s}.forte.tiles.quaidorsay.fr/fr{r}/{z}/{x}/{y}.png"
                    },
                    {
                        "attribution": "map data © [[http://osm.org/copyright|OpenStreetMap contributors]] under ODbL - tiles © [[https://github.com/tilery/pianoforte|Min. Aff. Étrangères]]",
                        "id": 33,
                        "maxZoom": 20,
                        "minZoom": 0,
                        "name": "OSM Forte EN",
                        "rank": 54,
                        "tms": false,
                        "url_template": "https://{s}.forte.tiles.quaidorsay.fr/en{r}/{z}/{x}/{y}.png"
                    },
                    {
                        "attribution": "map data © [[http://osm.org/copyright|OpenStreetMap contributors]] under ODbL - tiles © [[https://github.com/tilery/pianoforte|Min. Aff. Étrangères]]",
                        "id": 34,
                        "maxZoom": 20,
                        "minZoom": 0,
                        "name": "OSM Forte AR",
                        "rank": 55,
                        "tms": false,
                        "url_template": "https://{s}.forte.tiles.quaidorsay.fr/ar{r}/{z}/{x}/{y}.png"
                    },
                    {
                        "attribution": "Map data ODbL &copy; OSM contributors / tiles CC-by-SA &copy; OSM-FR",
                        "id": 35,
                        "maxZoom": 18,
                        "minZoom": 0,
                        "name": "OSM-br",
                        "rank": 60,
                        "tms": false,
                        "url_template": "https://tile.openstreetmap.bzh/br/{z}/{x}/{y}.png"
                    },
                    {
                        "attribution": "Map data ODbL &copy; OSM contributors / tiles CC-by-SA &copy; OSM-FR",
                        "id": 36,
                        "maxZoom": 18,
                        "minZoom": 0,
                        "name": "OSM-oc",
                        "rank": 61,
                        "tms": false,
                        "url_template": "https://tile.openstreetmap.bzh/oc/{z}/{x}/{y}.png"
                    },
                    {
                        "attribution": "Map data ODbL &copy; OSM contributors / tiles CC-by-SA &copy; OSM-FR",
                        "id": 37,
                        "maxZoom": 18,
                        "minZoom": 0,
                        "name": "OSM-eu",
                        "rank": 62,
                        "tms": false,
                        "url_template": "https://tile.openstreetmap.bzh/eu/{z}/{x}/{y}.png"
                    },
                    {
                        "attribution": "[[https://wiki.openstreetmap.org/wiki/FR:Serveurs/wms.openstreetmap.fr|Orthophotos Opendata]]",
                        "id": 39,
                        "maxZoom": 20,
                        "minZoom": 4,
                        "name": "OpenOrthos",
                        "rank": 79,
                        "tms": false,
                        "url_template": "//wms.openstreetmap.fr/tms/1.0.0/tous_fr/{z}/{x}/{y}"
                    },
                    {
                        "attribution": "[[http://www.geoportail.gouv.fr/depot/api/cgu/CGU_API_libre.pdf|{{http://wxs.ign.fr/static/logos/IGN/IGN.gif|32}}]]",
                        "id": 23,
                        "maxZoom": 19,
                        "minZoom": 0,
                        "name": "IGN Image aérienne (France)",
                        "rank": 80,
                        "tms": false,
                        "url_template": "//wxs.ign.fr/73op4emhz6dyqwgcbuvr162u/wmts/?SERVICE=WMTS&REQUEST=GetTile&VERSION=1.0.0&LAYER=ORTHOIMAGERY.ORTHOPHOTOS&STYLE=normal&TILEMATRIXSET=PM&TILEMATRIX={z}&TILEROW={y}&TILECOL={x}&FORMAT=image%2Fjpeg"
                    },
                    {
                        "attribution": "[[https://earthobservatory.nasa.gov/|NASA 2016]]",
                        "id": 41,
                        "maxZoom": 10,
                        "minZoom": 0,
                        "name": "NASA Blue Marble",
                        "rank": 85,
                        "tms": false,
                        "url_template": "//wms.openstreetmap.fr/tms/1.0.0/nasa_blue_marble/{z}/{x}/{y}"
                    },
                    {
                        "attribution": "[[https://earthobservatory.nasa.gov/features/NightLights|NASA 2012]]",
                        "id": 40,
                        "maxZoom": 9,
                        "minZoom": 0,
                        "name": "NASA Black Marble",
                        "rank": 86,
                        "tms": false,
                        "url_template": "//wms.openstreetmap.fr/tms/1.0.0/nasa_black_marble/{z}/{x}/{y}"
                    },
                    {
                        "attribution": "Map tiles by  [[http://stamen.com|Stamen Design]], map data © [[http://osm.org/copyright|OpenStreetMap contributors]] under ODbL",
                        "id": 7,
                        "maxZoom": 18,
                        "minZoom": 0,
                        "name": "Stamen Terrain",
                        "rank": 99,
                        "tms": false,
                        "url_template": "https://stamen-tiles-{s}.a.ssl.fastly.net/terrain/{z}/{x}/{y}{r}.png"
                    }
                ],
                "umap_id": 455226,
                "urls": {
                    "ajax-proxy": "/ajax-proxy/",
                    "ajax_proxy": "/ajax-proxy/?url={url}&ttl={ttl}",
                    "datalayer_create": "/en/map/{map_id}/datalayer/create/",
                    "datalayer_delete": "/en/map/{map_id}/datalayer/delete/{pk}/",
                    "datalayer_update": "/en/map/{map_id}/datalayer/update/{pk}/",
                    "datalayer_version": "/en/datalayer/{pk}/{name}",
                    "datalayer_versions": "/en/datalayer/{pk}/versions/",
                    "datalayer_view": "/en/datalayer/{pk}/",
                    "login": "/en/login/",
                    "login_popup_end": "/en/login/popup/end/",
                    "logout": "/en/logout/",
                    "map": "/en/map/{slug}_{pk}",
                    "map_anonymous_edit_url": "/en/map/anonymous-edit/{signature}",
                    "map_attach_owner": "/en/map/{map_id}/update/owner/",
                    "map_clone": "/en/map/{map_id}/update/clone/",
                    "map_create": "/en/map/create/",
                    "map_delete": "/en/map/{map_id}/update/delete/",
                    "map_geojson": "/en/map/{pk}/geojson/",
                    "map_new": "/en/map/new/",
                    "map_short_url": "/m/{pk}/",
                    "map_update": "/en/map/{map_id}/update/settings/",
                    "map_update_permissions": "/en/map/{map_id}/update/permissions/",
                    "password_change": "/change-password/",
                    "password_change_done": "/change-password-done/",
                    "pictogram_list_json": "/en/pictogram/json/",
                    "routing": "http://www.openstreetmap.org/directions?engine=osrm_car&route={lat},{lng}&locale={locale}#map={zoom}/{lat}/{lng}"
                },
                "zoom": 11,
                "zoomControl": true
            },
            "type": "Feature"
        }
    ]
}
