[
    {"displayOnLoad": false, "id": 1274430, "name": "Suspended Routes"},
    {
        "displayOnLoad": true,
        "id": 1274431,
        "name": "Roosevelt Island Operating Corporation"
    },
    {
        "displayOnLoad": true,
        "id": 1274432,
        "name": "Huntington Area Rapid Transit"
    },
    {"displayOnLoad": true, "id": 1274433, "name": "Ferries"},
    {"displayOnLoad": true, "id": 1274434, "name": "Putnam Transit"},
    {
        "displayOnLoad": true,
        "id": 1274435,
        "name": "Suffolk County Transit"
    },
    {
        "displayOnLoad": true,
        "id": 1274436,
        "name": "Nassau Inter-County Express"
    },
    {"displayOnLoad": true, "id": 1274437, "name": "Bee-Line Bus System"},
    {"displayOnLoad": true, "id": 1274438, "name": "NJ Transit Bus"},
    {"displayOnLoad": true, "id": 1274441, "name": "New York City Bus"},
    {"displayOnLoad": true, "id": 1274439, "name": "New York City Bus"},
    {"displayOnLoad": true, "id": 1274440, "name": "AirTrain Newark"},
    {"displayOnLoad": true, "id": 1274442, "name": "AirTrain JFK"},
    {"displayOnLoad": true, "id": 1274443, "name": "AirTrain JFK"},
    {"displayOnLoad": true, "id": 1274444, "name": "NJ Transit Rail"},
    {"displayOnLoad": true, "id": 1274445, "name": "NJ Transit Rail"},
    {
        "displayOnLoad": true,
        "id": 1274446,
        "name": "Metro-North Railroad"
    },
    {
        "displayOnLoad": true,
        "id": 1274447,
        "name": "Metro-North Railroad"
    },
    {
        "displayOnLoad": true,
        "id": 1274449,
        "name": "Long Island Rail Road"
    },
    {
        "displayOnLoad": true,
        "id": 1274448,
        "name": "Long Island Rail Road"
    },
    {"displayOnLoad": true, "id": 1274450, "name": "PATH"},
    {"displayOnLoad": true, "id": 1274451, "name": "PATH"},
    {
        "displayOnLoad": true,
        "id": 1274452,
        "name": "Staten Island Railway"
    },
    {
        "displayOnLoad": true,
        "id": 1274453,
        "name": "Staten Island Railway"
    },
    {
        "displayOnLoad": true,
        "id": 1274454,
        "name": "New York City Subway"
    },
    {
        "displayOnLoad": true,
        "id": 1274455,
        "name": "New York City Subway"
    }
]
