[
    {
        "id": 1274430,
        "name": "A short-ish string",
        "withFinalComma": false
    },
    {
        "id": 37.2,
        "name": "A somewhat longer but still short-ish string",
        "withFinalComma": true
    },
    {
        "id": 0.537,
        "name": "A string which is pretty long, not craazy long mind you, but, you know, long enough that it's unlikely to fit on a single line of pretty-printed JSON. Longer than is convenient, let's say"
    }
]
